**********************
Windows PowerShell transcript start
Start time: 20240603150948
Username: AzureAD\BENERJEEKOTA
RunAs User: AzureAD\BENERJEEKOTA
Configuration Name: 
Machine: DESKTOP-JPLIR2S (Microsoft Windows NT 10.0.19045.0)
Host Application: C:\Windows\System32\WindowsPowerShell\v1.0\powershell.exe
Process ID: 15080
PSVersion: 5.1.19041.4412
PSEdition: Desktop
PSCompatibleVersions: 1.0, 2.0, 3.0, 4.0, 5.0, 5.1.19041.4412
BuildVersion: 10.0.19041.4412
CLRVersion: 4.0.30319.42000
WSManStackVersion: 3.0
PSRemotingProtocolVersion: 2.3
SerializationVersion: 1.1.0.1
**********************
Transcript started, output file is c:\Benerjee.log
PS C:\Users\BENERJEEKOTA> git clone https://github.com/sureshnanjan/powershell-thinkwright.git
Cloning into 'powershell-thinkwright'...
remote: Enumerating objects: 6, done.
remote: Counting objects: 100% (6/6), done.
remote: Compressing objects: 100% (5/5), done.
remote: Total 6 (delta 0), reused 3 (delta 0), pack-reused 0
Receiving objects: 100% (6/6), done.
PS C:\Users\BENERJEEKOTA>  Set-Location powershell-thinkwright
PS C:\Users\BENERJEEKOTA\powershell-thinkwright>  git status
On branch main
Your branch is up to date with 'origin/main'.

nothing to commit, working tree clean
PS C:\Users\BENERJEEKOTA\powershell-thinkwright> git checkout -b BenerjeeKota -branch  
Switched to a new branch 'ranch'
PS C:\Users\BENERJEEKOTA\powershell-thinkwright>  git status
On branch ranch
nothing to commit, working tree clean
PS C:\Users\BENERJEEKOTA\powershell-thinkwright> git checkout -b BenerjeeKota-branch  
Switched to a new branch 'BenerjeeKota-branch'
PS C:\Users\BENERJEEKOTA\powershell-thinkwright>  git status
On branch BenerjeeKota-branch
nothing to commit, working tree clean
PS C:\Users\BENERJEEKOTA\powershell-thinkwright> Stop-Transcript
**********************
Windows PowerShell transcript end
End time: 20240603151221
**********************
