**********************
Windows PowerShell transcript start
Start time: 20240603152523
Username: THINKWRIGHT\user16
RunAs User: THINKWRIGHT\user16
Configuration Name: 
Machine: DESKTOP-16 (Microsoft Windows NT 10.0.19045.0)
Host Application: C:\Windows\System32\WindowsPowerShell\v1.0\powershell.exe
Process ID: 10988
PSVersion: 5.1.19041.4412
PSEdition: Desktop
PSCompatibleVersions: 1.0, 2.0, 3.0, 4.0, 5.0, 5.1.19041.4412
BuildVersion: 10.0.19041.4412
CLRVersion: 4.0.30319.42000
WSManStackVersion: 3.0
PSRemotingProtocolVersion: 2.3
SerializationVersion: 1.1.0.1
**********************
Transcript started, output file is narendra.log
PS C:\Users\user16> New-Item -Name ‘QA-Training’ -ItemType Directory


    Directory: C:\Users\user16


Mode                 LastWriteTime         Length Name
----                 -------------         ------ ----
d-----        03-06-2024     15:26                QA-Training


PS C:\Users\user16> git --version
git : The term 'git' is not recognized as the name of a cmdlet, function, script file, or operable program. Check the 
spelling of the name, or if a path was included, verify that the path is correct and try again.
At line:1 char:1
+ git --version
+ ~~~
    + CategoryInfo          : ObjectNotFound: (git:String) [], CommandNotFoundException
    + FullyQualifiedErrorId : CommandNotFoundException
git : The term 'git' is not recognized as the name of a cmdlet, function, script file, or operable program. Check the
spelling of the name, or if a path was included, verify that the path is correct and try again.
At line:1 char:1
+ git --version
+ ~~~
    + CategoryInfo          : ObjectNotFound: (git:String) [], CommandNotFoundException
    + FullyQualifiedErrorId : CommandNotFoundException

PS C:\Users\user16> Invoke-WebRequest -Uri https://github.com/git-for-windows/git/releases/download/v2.44.0.windows.1/Git-2.44.0-64-bit.exe -OutFile git-installer.exe
PS C:\Users\user16> .\git-installer.exe /VERYSILENT /NORESTART
PS C:\Users\user16> git --version
git : The term 'git' is not recognized as the name of a cmdlet, function, script file, or operable program. Check the 
spelling of the name, or if a path was included, verify that the path is correct and try again.
At line:1 char:1
+ git --version
+ ~~~
    + CategoryInfo          : ObjectNotFound: (git:String) [], CommandNotFoundException
    + FullyQualifiedErrorId : CommandNotFoundException
git : The term 'git' is not recognized as the name of a cmdlet, function, script file, or operable program. Check the spelling of the name, or if a
path was included, verify that the path is correct and try again.
At line:1 char:1
+ git --version
+ ~~~
    + CategoryInfo          : ObjectNotFound: (git:String) [], CommandNotFoundException
    + FullyQualifiedErrorId : CommandNotFoundException

PS C:\Users\user16> Stop-Transcript
**********************
Windows PowerShell transcript end
End time: 20240603152937
**********************
**********************
Windows PowerShell transcript start
Start time: 20240603153055
Username: THINKWRIGHT\user16
RunAs User: THINKWRIGHT\user16
Configuration Name: 
Machine: DESKTOP-16 (Microsoft Windows NT 10.0.19045.0)
Host Application: C:\Windows\System32\WindowsPowerShell\v1.0\powershell.exe
Process ID: 5148
PSVersion: 5.1.19041.4412
PSEdition: Desktop
PSCompatibleVersions: 1.0, 2.0, 3.0, 4.0, 5.0, 5.1.19041.4412
BuildVersion: 10.0.19041.4412
CLRVersion: 4.0.30319.42000
WSManStackVersion: 3.0
PSRemotingProtocolVersion: 2.3
SerializationVersion: 1.1.0.1
**********************
Transcript started, output file is .\narendra.log
PS C:\Users\user16> git clone https://github.com/sureshnanjan/powershell-thinkwright.git
Cloning into 'powershell-thinkwright'...
remote: Enumerating objects: 6, done.
remote: Counting objects: 100% (6/6), done.
remote: Compressing objects: 100% (5/5), done.
remote: Total 6 (delta 0), reused 3 (delta 0), pack-reused 0
Receiving objects: 100% (6/6), done.
PS C:\Users\user16> cd .\QA-Training\
PS C:\Users\user16\QA-Training> cd..
PS C:\Users\user16> dir


    Directory: C:\Users\user16


Mode                 LastWriteTime         Length Name
----                 -------------         ------ ----
d-r---        31-05-2024     17:44                3D Objects
d-r---        31-05-2024     17:44                Contacts
d-r---        31-05-2024     17:44                Desktop
d-r---        03-06-2024     15:30                Documents
d-r---        31-05-2024     17:44                Downloads
d-r---        31-05-2024     17:44                Favorites
d-r---        31-05-2024     17:44                Links
d-r---        31-05-2024     17:44                Music
d-r---        31-05-2024     17:44                OneDrive
d-r---        31-05-2024     17:44                Pictures
d-----        03-06-2024     15:31                powershell-thinkwright
d-----        03-06-2024     15:26                QA-Training
d-r---        31-05-2024     17:44                Saved Games
d-r---        31-05-2024     17:44                Searches
d-r---        31-05-2024     17:44                Videos
-a----        03-06-2024     15:28       65350776 git-installer.exe
-a----        03-06-2024     15:29           3018 narendra.log


PS C:\Users\user16> cd .\QA-Training\
PS C:\Users\user16\QA-Training> git clone https://github.com/sureshnanjan/powershell-thinkwright.git
Cloning into 'powershell-thinkwright'...
remote: Enumerating objects: 6, done.
remote: Counting objects: 100% (6/6), done.
remote: Compressing objects: 100% (5/5), done.
remote: Total 6 (delta 0), reused 3 (delta 0), pack-reused 0
Receiving objects: 100% (6/6), done.
PS C:\Users\user16\QA-Training> cd..
PS C:\Users\user16> cd .\QA-Training\
PS C:\Users\user16\QA-Training> dir


    Directory: C:\Users\user16\QA-Training


Mode                 LastWriteTime         Length Name
----                 -------------         ------ ----
d-----        03-06-2024     15:32                powershell-thinkwright


PS C:\Users\user16\QA-Training> cd .\powershell-thinkwright\
PS C:\Users\user16\QA-Training\powershell-thinkwright> dir


    Directory: C:\Users\user16\QA-Training\powershell-thinkwright


Mode                 LastWriteTime         Length Name
----                 -------------         ------ ----
-a----        03-06-2024     15:32             56 README.md


PS C:\Users\user16\QA-Training\powershell-thinkwright> Set-Location powershell-thinkwright
Set-Location : Cannot find path 'C:\Users\user16\QA-Training\powershell-thinkwright\powershell-thinkwright' because it 
does not exist.
At line:1 char:1
+ Set-Location powershell-thinkwright
+ ~~~~~~~~~~~~~~~~~~~~~~~~~~~~~~~~~~~
    + CategoryInfo          : ObjectNotFound: (C:\Users\user16...ell-thinkwright:String) [Set-Location], 
ItemNotFoundException
    + FullyQualifiedErrorId : PathNotFound,Microsoft.PowerShell.Commands.SetLocationCommand
Set-Location : Cannot find path 'C:\Users\user16\QA-Training\powershell-thinkwright\powershell-thinkwright' because it
does not exist.
At line:1 char:1
+ Set-Location powershell-thinkwright
+ ~~~~~~~~~~~~~~~~~~~~~~~~~~~~~~~~~~~
    + CategoryInfo          : ObjectNotFound: (C:\Users\user16...ell-thinkwright:String) [Set-Location], ItemNotFoundE
   xception
    + FullyQualifiedErrorId : PathNotFound,Microsoft.PowerShell.Commands.SetLocationCommand

PS C:\Users\user16\QA-Training\powershell-thinkwright> cd..
PS C:\Users\user16\QA-Training> Set-Location powershell-thinkwright
PS C:\Users\user16\QA-Training\powershell-thinkwright> cls
PS C:\Users\user16\QA-Training\powershell-thinkwright> git status
On branch main
Your branch is up to date with 'origin/main'.

nothing to commit, working tree clean
PS C:\Users\user16\QA-Training\powershell-thinkwright> git checkout -b narendra-branch
Switched to a new branch 'narendra-branch'
PS C:\Users\user16\QA-Training\powershell-thinkwright> git status
On branch narendra-branch
nothing to commit, working tree clean
PS C:\Users\user16\QA-Training\powershell-thinkwright> Stop-Transcript
**********************
Windows PowerShell transcript end
End time: 20240603154044
**********************
