**********************
Windows PowerShell transcript start
Start time: 20240603150510
Username: THINKWRIGHT\user13
RunAs User: THINKWRIGHT\user13
Configuration Name: 
Machine: DESKTOP-13 (Microsoft Windows NT 10.0.19045.0)
Host Application: C:\Windows\System32\WindowsPowerShell\v1.0\powershell.exe
Process ID: 9248
PSVersion: 5.1.19041.4412
PSEdition: Desktop
PSCompatibleVersions: 1.0, 2.0, 3.0, 4.0, 5.0, 5.1.19041.4412
BuildVersion: 10.0.19041.4412
CLRVersion: 4.0.30319.42000
WSManStackVersion: 3.0
PSRemotingProtocolVersion: 2.3
SerializationVersion: 1.1.0.1
**********************
Transcript started, output file is C:\Users\user13\Documents\PowerShell_transcript.DESKTOP-13.s_EG7kGy.20240603150510.txt
PS C:\PS-24> Start-Transcript -Path shahnawaz.log -Append
Transcript started, output file is shahnawaz.log
PS C:\PS-24> Set-Location powershell-thinkwright
PS C:\PS-24\powershell-thinkwright> git statu
git: 'statu' is not a git command. See 'git --help'.

The most similar commands are
        status
        stage
        stash
PS C:\PS-24\powershell-thinkwright> git status
On branch main
Your branch is up to date with 'origin/main'.

nothing to commit, working tree clean
PS C:\PS-24\powershell-thinkwright> git checkout -b shahnawaz-branch
Switched to a new branch 'shahnawaz-branch'
PS C:\PS-24\powershell-thinkwright> git status
On branch shahnawaz-branch
nothing to commit, working tree clean
PS C:\PS-24\powershell-thinkwright> Stop-Transcript
Transcript stopped, output file is C:\PS-24\shahnawaz.log
PS C:\PS-24\powershell-thinkwright> Get-ChildItem -Name *.log
PS C:\PS-24\powershell-thinkwright> cd..
PS C:\PS-24> Get-ChildItem -Name *.log
shahnawaz.log
PS C:\PS-24> Move-Item .\shahnawaz.log .
PS C:\PS-24> git add .
fatal: not a git repository (or any of the parent directories): .git
PS C:\PS-24> Move-Item .. .\shahnawaz.log .
>> TerminatingError(Move-Item): "A positional parameter cannot be found that accepts argument '.'."
Move-Item : A positional parameter cannot be found that accepts argument '.'.
At line:1 char:1
+ Move-Item .. .\shahnawaz.log .
+ ~~~~~~~~~~~~~~~~~~~~~~~~~~~~~~
    + CategoryInfo          : InvalidArgument: (:) [Move-Item], ParameterBindingException
    + FullyQualifiedErrorId : PositionalParameterNotFound,Microsoft.PowerShell.Commands.MoveItemCommand
Move-Item : A positional parameter cannot be found that accepts argument '.'.
At line:1 char:1
+ Move-Item .. .\shahnawaz.log .
+ ~~~~~~~~~~~~~~~~~~~~~~~~~~~~~~
    + CategoryInfo          : InvalidArgument: (:) [Move-Item], ParameterBindingException
    + FullyQualifiedErrorId : PositionalParameterNotFound,Microsoft.PowerShell.Commands.MoveItemCommand

PS C:\PS-24> Move-Item ...\shahnawaz.log .
Move-Item : Cannot find path 'C:\PS-24\...\shahnawaz.log' because it does not exist.
At line:1 char:1
+ Move-Item ...\shahnawaz.log .
+ ~~~~~~~~~~~~~~~~~~~~~~~~~~~~~
    + CategoryInfo          : ObjectNotFound: (C:\PS-24\...\shahnawaz.log:String) [Move-Item], ItemNotFoundException
    + FullyQualifiedErrorId : PathNotFound,Microsoft.PowerShell.Commands.MoveItemCommand
Move-Item : Cannot find path 'C:\PS-24\...\shahnawaz.log' because it does not exist.
At line:1 char:1
+ Move-Item ...\shahnawaz.log .
+ ~~~~~~~~~~~~~~~~~~~~~~~~~~~~~
    + CategoryInfo          : ObjectNotFound: (C:\PS-24\...\shahnawaz.log:String) [Move-Item], ItemNotFoundException
    + FullyQualifiedErrorId : PathNotFound,Microsoft.PowerShell.Commands.MoveItemCommand

PS C:\PS-24> Move-Item ..\shahnawaz.log .
Move-Item : Cannot find path 'C:\shahnawaz.log' because it does not exist.
At line:1 char:1
+ Move-Item ..\shahnawaz.log .
+ ~~~~~~~~~~~~~~~~~~~~~~~~~~~~
    + CategoryInfo          : ObjectNotFound: (C:\shahnawaz.log:String) [Move-Item], ItemNotFoundException
    + FullyQualifiedErrorId : PathNotFound,Microsoft.PowerShell.Commands.MoveItemCommand
Move-Item : Cannot find path 'C:\shahnawaz.log' because it does not exist.
At line:1 char:1
+ Move-Item ..\shahnawaz.log .
+ ~~~~~~~~~~~~~~~~~~~~~~~~~~~~
    + CategoryInfo          : ObjectNotFound: (C:\shahnawaz.log:String) [Move-Item], ItemNotFoundException
    + FullyQualifiedErrorId : PathNotFound,Microsoft.PowerShell.Commands.MoveItemCommand

PS C:\PS-24> Set-Location powershell-thinkwright
PS C:\PS-24\powershell-thinkwright> Move-Item -Path C:\PS-24\shahnawaz.log 
PS C:\PS-24\powershell-thinkwright> Move-Item -Path C:\PS-24\shahnawaz.log .
Move-Item : Cannot find path 'C:\PS-24\shahnawaz.log' because it does not exist.
At line:1 char:1
+ Move-Item -Path C:\PS-24\shahnawaz.log .
+ ~~~~~~~~~~~~~~~~~~~~~~~~~~~~~~~~~~~~~~~~
    + CategoryInfo          : ObjectNotFound: (C:\PS-24\shahnawaz.log:String) [Move-Item], ItemNotFoundException
    + FullyQualifiedErrorId : PathNotFound,Microsoft.PowerShell.Commands.MoveItemCommand
Move-Item : Cannot find path 'C:\PS-24\shahnawaz.log' because it does not exist.
At line:1 char:1
+ Move-Item -Path C:\PS-24\shahnawaz.log .
+ ~~~~~~~~~~~~~~~~~~~~~~~~~~~~~~~~~~~~~~~~
    + CategoryInfo          : ObjectNotFound: (C:\PS-24\shahnawaz.log:String) [Move-Item], ItemNotFoundException
    + FullyQualifiedErrorId : PathNotFound,Microsoft.PowerShell.Commands.MoveItemCommand

PS C:\PS-24\powershell-thinkwright> Move-Item -Path "C:\PS-24\shahnawaz.log" .
Move-Item : Cannot find path 'C:\PS-24\shahnawaz.log' because it does not exist.
At line:1 char:1
+ Move-Item -Path "C:\PS-24\shahnawaz.log" .
+ ~~~~~~~~~~~~~~~~~~~~~~~~~~~~~~~~~~~~~~~~~~
    + CategoryInfo          : ObjectNotFound: (C:\PS-24\shahnawaz.log:String) [Move-Item], ItemNotFoundException
    + FullyQualifiedErrorId : PathNotFound,Microsoft.PowerShell.Commands.MoveItemCommand
Move-Item : Cannot find path 'C:\PS-24\shahnawaz.log' because it does not exist.
At line:1 char:1
+ Move-Item -Path "C:\PS-24\shahnawaz.log" .
+ ~~~~~~~~~~~~~~~~~~~~~~~~~~~~~~~~~~~~~~~~~~
    + CategoryInfo          : ObjectNotFound: (C:\PS-24\shahnawaz.log:String) [Move-Item], ItemNotFoundException
    + FullyQualifiedErrorId : PathNotFound,Microsoft.PowerShell.Commands.MoveItemCommand

PS C:\PS-24\powershell-thinkwright> Get-ChildItem


    Directory: C:\PS-24\powershell-thinkwright


Mode                 LastWriteTime         Length Name
----                 -------------         ------ ----
-a----        03-06-2024     15:00             56 README.md
-a----        03-06-2024     15:09           7384 shahnawaz.log


PS C:\PS-24\powershell-thinkwright> git add .

PS C:\PS-24\powershell-thinkwright> git commit -m "Adding first file to branch"
[shahnawaz-branch 8ec9f5f] Adding first file to branch
 Committer: user13 <user13@thinkwright.in>
Your name and email address were configured automatically based
on your username and hostname. Please check that they are accurate.
You can suppress this message by setting them explicitly. Run the
following command and follow the instructions in your editor to edit
your configuration file:

    git config --global --edit

After doing this, you may fix the identity used for this commit with:

    git commit --amend --reset-author

 1 file changed, 158 insertions(+)
 create mode 100644 shahnawaz.log
PS C:\PS-24\powershell-thinkwright> git status
On branch shahnawaz-branch
nothing to commit, working tree clean
PS C:\PS-24\powershell-thinkwright> git status
On branch shahnawaz-branch
nothing to commit, working tree clean
PS C:\PS-24\powershell-thinkwright> git status
On branch shahnawaz-branch
nothing to commit, working tree clean
PS C:\PS-24\powershell-thinkwright> git status
On branch shahnawaz-branch
nothing to commit, working tree clean
PS C:\PS-24\powershell-thinkwright> dir


    Directory: C:\PS-24\powershell-thinkwright


Mode                 LastWriteTime         Length Name
----                 -------------         ------ ----
-a----        03-06-2024     15:00             56 README.md
-a----        03-06-2024     15:09           7384 shahnawaz.log


PS C:\PS-24\powershell-thinkwright> git push 
fatal: The current branch shahnawaz-branch has no upstream branch.
To push the current branch and set the remote as upstream, use

    git push --set-upstream origin shahnawaz-branch

To have this happen automatically for branches without a tracking
upstream, see 'push.autoSetupRemote' in 'git help config'.
PS C:\PS-24\powershell-thinkwright> git push --set-upstream origin shahnawaz-branch
info: please complete authentication in your browser...
Enumerating objects: 4, done.
Counting objects: 100% (4/4), done.
Delta compression using up to 4 threads
Compressing objects: 100% (3/3), done.
Writing objects: 100% (3/3), 1.55 KiB | 1.55 MiB/s, done.
Total 3 (delta 0), reused 0 (delta 0), pack-reused 0 (from 0)
remote:
remote: Create a pull request for 'shahnawaz-branch' on GitHub by visiting:
remote:      https://github.com/sureshnanjan/powershell-thinkwright/pull/new/shahnawaz-branch
remote:
To https://github.com/sureshnanjan/powershell-thinkwright.git
 * [new branch]      shahnawaz-branch -> shahnawaz-branch
branch 'shahnawaz-branch' set up to track 'origin/shahnawaz-branch'.
PS C:\PS-24\powershell-thinkwright> git status
On branch shahnawaz-branch
Your branch is up to date with 'origin/shahnawaz-branch'.

nothing to commit, working tree clean
PS C:\PS-24\powershell-thinkwright> git log
commit 8ec9f5f5249e7493ee3c507f5dc34c8cd76fa1ca (HEAD -> shahnawaz-branch, origin/shahnawaz-branch)
Author: user13 <user13@thinkwright.in>
Date:   Mon Jun 3 15:19:21 2024 +0530

    Adding first file to branch

commit e20bdbd76ffcd93227fdf1a9e25bc01c9e5129e8 (origin/main, origin/HEAD, main)
Author: Suresh Nanjan <85288946+sureshnanjan@users.noreply.github.com>
Date:   Mon Jun 3 13:59:24 2024 +0530

    Initial commit
PS C:\PS-24\powershell-thinkwright> git status
On branch shahnawaz-branch
Your branch is up to date with 'origin/shahnawaz-branch'.

Untracked files:
  (use "git add <file>..." to include in what will be committed)
        MDShahnawaz-15-37-23-3407901.log

nothing added to commit but untracked files present (use "git add" to track)
PS C:\PS-24\powershell-thinkwright> git pull
remote: Enumerating objects: 81, done.
remote: Counting objects: 100% (81/81), done.
remote: Compressing objects: 100% (72/72), done.
remote: Total 79 (delta 22), reused 57 (delta 5), pack-reused 0
Unpacking objects: 100% (79/79), 27.93 KiB | 140.00 KiB/s, done.
From https://github.com/sureshnanjan/powershell-thinkwright
 * [new branch]      Afroz-branch        -> origin/Afroz-branch
 * [new branch]      BenerjeeKota-branch -> origin/BenerjeeKota-branch
 * [new branch]      Dheerendra-branch   -> origin/Dheerendra-branch
 * [new branch]      Dhilipan-branch     -> origin/Dhilipan-branch
 * [new branch]      GeethaDoli-branch   -> origin/GeethaDoli-branch
 * [new branch]      Haritha-branch      -> origin/Haritha-branch
 * [new branch]      Hitesh-branch       -> origin/Hitesh-branch
 * [new branch]      Joseph-branch       -> origin/Joseph-branch
 * [new branch]      MoNihal-branch      -> origin/MoNihal-branch
 * [new branch]      Murugan-Branch      -> origin/Murugan-Branch
 * [new branch]      Raghavender-branch  -> origin/Raghavender-branch
 * [new branch]      Saravanan-branch    -> origin/Saravanan-branch
 * [new branch]      Soundari-branch     -> origin/Soundari-branch
 * [new branch]      THARUN-branch       -> origin/THARUN-branch
 * [new branch]      Vinoth-branch       -> origin/Vinoth-branch
   e20bdbd..c0ea122  main                -> origin/main
 * [new branch]      narendra-branch     -> origin/narendra-branch
 * [new branch]      rajeshg-branch      -> origin/rajeshg-branch
 * [new branch]      user11-branch       -> origin/user11-branch
Already up to date.
PS C:\PS-24\powershell-thinkwright> git push
Everything up-to-date
PS C:\PS-24\powershell-thinkwright> git push
Everything up-to-date
