**********************
Windows PowerShell transcript start
Start time: 20240603151521
Username: THINKWRIGHT\user8
RunAs User: THINKWRIGHT\user8
Configuration Name: 
Machine: DESKTOP-8 (Microsoft Windows NT 10.0.19045.0)
Host Application: C:\Windows\System32\WindowsPowerShell\v1.0\powershell.exe
Process ID: 9524
PSVersion: 5.1.19041.4412
PSEdition: Desktop
PSCompatibleVersions: 1.0, 2.0, 3.0, 4.0, 5.0, 5.1.19041.4412
BuildVersion: 10.0.19041.4412
CLRVersion: 4.0.30319.42000
WSManStackVersion: 3.0
PSRemotingProtocolVersion: 2.3
SerializationVersion: 1.1.0.1
**********************
Transcript started, output file is Soundari.log
PS C:\Users\user8\powershell-thinkwright> git checkout -b Soundari-branch 
Switched to a new branch 'Soundari-branch'
PS C:\Users\user8\powershell-thinkwright> git status
On branch Soundari-branch
Untracked files:
  (use "git add <file>..." to include in what will be committed)
        Soundari.log

nothing added to commit but untracked files present (use "git add" to track)
PS C:\Users\user8\powershell-thinkwright> Stop-Transcript
**********************
Windows PowerShell transcript end
End time: 20240603151630
**********************
