**********************
Windows PowerShell transcript start
Start time: 20240603154747
Username: THINKWRIGHT\user23
RunAs User: THINKWRIGHT\user23
Configuration Name: 
Machine: DESKTOP-23 (Microsoft Windows NT 10.0.19045.0)
Host Application: C:\Windows\System32\WindowsPowerShell\v1.0\powershell.exe
Process ID: 7804
PSVersion: 5.1.19041.4412
PSEdition: Desktop
PSCompatibleVersions: 1.0, 2.0, 3.0, 4.0, 5.0, 5.1.19041.4412
BuildVersion: 10.0.19041.4412
CLRVersion: 4.0.30319.42000
WSManStackVersion: 3.0
PSRemotingProtocolVersion: 2.3
SerializationVersion: 1.1.0.1
**********************
Transcript started, output file is THARUN.log
PS C:\Users\user23> New-Item -Name ‘QA-Training’ -ItemType Directory 


    Directory: C:\Users\user23


Mode                 LastWriteTime         Length Name
----                 -------------         ------ ----
d-----        03-06-2024     15:48                QA-Training


PS C:\Users\user23> git --version
git version 2.44.0.windows.1
PS C:\Users\user23> cd .\QA-Training\
PS C:\Users\user23\QA-Training> git clone https://github.com/sureshnanjan/powershell-thinkwright.git
Cloning into 'powershell-thinkwright'...
remote: Enumerating objects: 6, done.
remote: Counting objects: 100% (6/6), done.
remote: Compressing objects: 100% (5/5), done.
remote: Total 6 (delta 0), reused 3 (delta 0), pack-reused 0
Receiving objects: 100% (6/6), done.
PS C:\Users\user23\QA-Training> Set-Location powershell-thinkwright
PS C:\Users\user23\QA-Training\powershell-thinkwright> git status
On branch main
Your branch is up to date with 'origin/main'.

nothing to commit, working tree clean
PS C:\Users\user23\QA-Training\powershell-thinkwright> git checkout -b THARUN-branch
Switched to a new branch 'THARUN-branch'
PS C:\Users\user23\QA-Training\powershell-thinkwright> git status
On branch THARUN-branch
nothing to commit, working tree clean
PS C:\Users\user23\QA-Training\powershell-thinkwright> Stop-Transcript
**********************
Windows PowerShell transcript end
End time: 20240603155240
**********************
