**********************
Windows PowerShell transcript start
Start time: 20240603150156
Username: THINKWRIGHT\user15
RunAs User: THINKWRIGHT\user15
Configuration Name: 
Machine: DESKTOP-15 (Microsoft Windows NT 10.0.19045.0)
Host Application: C:\Windows\System32\WindowsPowerShell\v1.0\powershell.exe
Process ID: 7816
PSVersion: 5.1.19041.4412
PSEdition: Desktop
PSCompatibleVersions: 1.0, 2.0, 3.0, 4.0, 5.0, 5.1.19041.4412
BuildVersion: 10.0.19041.4412
CLRVersion: 4.0.30319.42000
WSManStackVersion: 3.0
PSRemotingProtocolVersion: 2.3
SerializationVersion: 1.1.0.1
**********************
Transcript started, output file is C:\Transcript_Murugan_06Jun2024.log
PS C:\> dir


    Directory: C:\


Mode                 LastWriteTime         Length Name
----                 -------------         ------ ----
d-----        31-05-2024     10:57                Intel
d-----        03-06-2024     14:47                New folder
d-----        07-12-2019     14:44                PerfLogs
d-r---        03-06-2024     14:53                Program Files
d-r---        08-09-2022     08:46                Program Files (x86)
d-----        03-06-2024     14:50                QA-Training
d-r---        31-05-2024     17:42                Users
d-----        29-05-2024     00:10                Windows
-a----        03-06-2024     15:01              0 Transcript_Murugan_06Jun2024.log


PS C:\> .\Transcript_Murugan_06Jun2024.log
PS C:\> dir


    Directory: C:\


Mode                 LastWriteTime         Length Name
----                 -------------         ------ ----
d-----        31-05-2024     10:57                Intel
d-----        03-06-2024     14:47                New folder
d-----        07-12-2019     14:44                PerfLogs
d-r---        03-06-2024     14:53                Program Files
d-r---        08-09-2022     08:46                Program Files (x86)
d-----        03-06-2024     14:50                QA-Training
d-r---        31-05-2024     17:42                Users
d-----        29-05-2024     00:10                Windows
-a----        03-06-2024     15:02           1460 Transcript_Murugan_06Jun2024.log


PS C:\> git clone https://github.com/sureshnanjan/powershell-thinkwright.git
Cloning into 'powershell-thinkwright'...
remote: Enumerating objects: 6, done.
remote: Counting objects: 100% (6/6), done.
remote: Compressing objects: 100% (5/5), done.
remote: Total 6 (delta 0), reused 3 (delta 0), pack-reused 0
Receiving objects: 100% (6/6), done.
PS C:\> dir


    Directory: C:\


Mode                 LastWriteTime         Length Name
----                 -------------         ------ ----
d-----        31-05-2024     10:57                Intel
d-----        03-06-2024     14:47                New folder
d-----        07-12-2019     14:44                PerfLogs
d-----        03-06-2024     15:09                powershell-thinkwright
d-r---        03-06-2024     14:53                Program Files
d-r---        08-09-2022     08:46                Program Files (x86)
d-----        03-06-2024     14:50                QA-Training
d-r---        31-05-2024     17:42                Users
d-----        29-05-2024     00:10                Windows
-a----        03-06-2024     15:09           2195 Transcript_Murugan_06Jun2024.log


PS C:\> Set-Location .\powershell-thinkwright\
PS C:\powershell-thinkwright> git status
On branch main
Your branch is up to date with 'origin/main'.

nothing to commit, working tree clean
PS C:\powershell-thinkwright> git checkout -b Murugan-Branch
Switched to a new branch 'Murugan-Branch'
PS C:\powershell-thinkwright> git status
On branch Murugan-Branch
nothing to commit, working tree clean
PS C:\powershell-thinkwright> Stop-Transcript
**********************
Windows PowerShell transcript end
End time: 20240603151133
**********************
