**********************
Windows PowerShell transcript start
Start time: 20240603022829
Username: AzureAD\Vinoth
RunAs User: AzureAD\Vinoth
Configuration Name: 
Machine: DESKTOP-LDLM2CC (Microsoft Windows NT 10.0.19045.0)
Host Application: C:\Windows\System32\WindowsPowerShell\v1.0\powershell.exe
Process ID: 5520
PSVersion: 5.1.19041.4412
PSEdition: Desktop
PSCompatibleVersions: 1.0, 2.0, 3.0, 4.0, 5.0, 5.1.19041.4412
BuildVersion: 10.0.19041.4412
CLRVersion: 4.0.30319.42000
WSManStackVersion: 3.0
PSRemotingProtocolVersion: 2.3
SerializationVersion: 1.1.0.1
**********************
Transcript started, output file is vinoth.log
PS C:\Users\Vinoth> New-Item -Path C:\Users\Vinoth\Documents\Automation -Name 'QA-Training' -ItemType Directory


    Directory: C:\Users\Vinoth\Documents\Automation


Mode                 LastWriteTime         Length Name
----                 -------------         ------ ----
d-----        03-06-2024     02:30                QA-Training


PS C:\Users\Vinoth> git clone https://github.com/sureshnanjan/powershell-thinkwright.git
Cloning into 'powershell-thinkwright'...
remote: Enumerating objects: 6, done.
remote: Counting objects: 100% (6/6), done.
remote: Compressing objects: 100% (5/5), done.
remote: Total 6 (delta 0), reused 3 (delta 0), pack-reused 0
Receiving objects: 100% (6/6), done.
PS C:\Users\Vinoth> Set-Location powershell-thinkwright
PS C:\Users\Vinoth\powershell-thinkwright> git status
On branch main
Your branch is up to date with 'origin/main'.

nothing to commit, working tree clean
PS C:\Users\Vinoth\powershell-thinkwright> git checkout -b <Vinoth>-branch  
At line:1 char:17
+ git checkout -b <Vinoth>-branch
+                 ~
The '<' operator is reserved for future use.
At line:1 char:17
+ git checkout -b <Vinoth>-branch
+                 ~
The '<' operator is reserved for future use.
    + CategoryInfo          : ParserError: (:) [], ParentContainsErrorRecordException
    + FullyQualifiedErrorId : RedirectionNotSupported

PS C:\Users\Vinoth\powershell-thinkwright> git checkout -b Vinoth-branch  
Switched to a new branch 'Vinoth-branch'
PS C:\Users\Vinoth\powershell-thinkwright> git status
On branch Vinoth-branch
nothing to commit, working tree clean
PS C:\Users\Vinoth\powershell-thinkwright> Stop-Transcript
**********************
Windows PowerShell transcript end
End time: 20240603023307
**********************
